// Jest Snapshot v1, https://goo.gl/fbAQLP

exports[`Pruebas en <HeroPage/> debe mostrarse correctamente con los valores por defecto 1`] = `<div />`;
